Microchip MPLAB XC8 Compiler V1.44 ()

Linker command line:

--edf=C:\Program Files (x86)\Microchip\xc8\v1.44\dat\en_msgs.txt -cs \
  -h+Relogio_Digital.sym --cmf=Relogio_Digital.cmf -z -Q16F877A \
  -oC:\Users\MARCOS~1\AppData\Local\Temp\s94g.2 -MRelogio_Digital.map -E1 \
  -ver=XC8 -ASTACK=0110h-016fh -pstack=STACK -ACODE=00h-07FFhx4 \
  -ASTRCODE=00h-01FFFh -ASTRING=00h-0FFhx32 -ACONST=00h-0FFhx32 \
  -AENTRY=00h-0FFhx32 -ACOMMON=070h-07Fh -ABANK0=020h-06Fh \
  -ABANK1=0A0h-0EFh -ABANK2=0110h-016Fh -ABANK3=0190h-01EFh \
  -ARAM=020h-06Fh,0A0h-0EFh,0110h-016Fh,0190h-01EFh \
  -AABS1=020h-07Fh,0A0h-0EFh,0110h-016Fh,0190h-01EFh -ASFR0=00h-01Fh \
  -ASFR1=080h-09Fh -ASFR2=0100h-010Fh -ASFR3=0180h-018Fh \
  -preset_vec=00h,intentry=04h,init,end_init -ppowerup=CODE -pcinit=CODE \
  -pfunctab=ENTRY -ACONFIG=02007h-02007h -pconfig=CONFIG -DCONFIG=2 \
  -AIDLOC=02000h-02003h -pidloc=IDLOC -DIDLOC=2 -AEEDATA=00h-0FFh/02100h \
  -peeprom_data=EEDATA -DEEDATA=2 -DCODE=2 -DSTRCODE=2 -DSTRING=2 -DCONST=2 \
  -DENTRY=2 -k startup.obj Relogio_Digital.obj 

Object code version is 3.11

Machine type is 16F877A



                Name                               Link     Load   Length Selector   Space Scale
startup.obj     end_init                             12       12        3        8       0
                reset_vec                             0        0        3        0       0
                config                             2007     2007        1     400E       0
Relogio_Digital.obj
                cinit                                15       15       27        8       0
                intentry                              4        4        E        8       0
                text31                              E38      E38        B     1C70       0
                text30                              7F3      7F3        B      930       0
                text29                              52C      52C       7C      930       0
                text28                              E5F      E5F       12     1CBE       0
                text27                              5A8      5A8       75      930       0
                text26                              E8A      E8A       1A     1D14       0
                text25                              3AF      3AF       3A        8       0
                text24                              FD1      FD1       2F     1FA2       0
                text23                              E43      E43        E     1C86       0
                text22                              E51      E51        E     1CA2       0
                text21                              13C      13C       C2        8       0
                text20                              EA4      EA4       1A     1D48       0
                text19                              F79      F79       2C     1EF2       0
                text18                              EBE      EBE       20     1D7C       0
                text17                              678      678       57      930       0
                text16                               3C       3C      100        8       0
                text15                              FA5      FA5       2C     1F4A       0
                text14                              E71      E71       19     1CE2       0
                text13                              3E9      3E9       12        8       0
                text12                              F00      F00       25     1E00       0
                text11                              61D      61D       5B      930       0
                text10                              6CF      6CF       4D      930       0
                text9                               498      498       94      930       0
                text8                               7AC      7AC       47      930       0
                text7                               765      765       47      930       0
                text6                               F25      F25       29     1E4A       0
                text5                               F4E      F4E       2B     1E9C       0
                text4                               EDE      EDE       22     1DBC       0
                text3                               2BD      2BD       B7        8       0
                text2                               71C      71C       49      930       0
                text1                               374      374       3B        8       0
                maintext                            1FE      1FE       BF        8       0
                cstackBANK0                          47       47        E       20       1
                cstackCOMMON                         70       70        5       70       1
                clrtext                             E30      E30        8     1C60       0
                dataBANK0                            55       55        4       20       1
                bssBANK0                             20       20       27       20       1
                bssCOMMON                            75       75        4       70       1
                strings                             400      400       98      800       0
                idataBANK0                          3FB      3FB        4        8       0

TOTAL           Name                               Link     Load   Length     Space
        CLASS   STACK          

        CLASS   CODE           
                end_init                             12       12        3         0
                cinit                                15       15       27         0
                intentry                              4        4        E         0
                reset_vec                             0        0        3         0
                text31                              E38      E38        B         0
                text30                              7F3      7F3        B         0
                text29                              52C      52C       7C         0
                text28                              E5F      E5F       12         0
                text27                              5A8      5A8       75         0
                text26                              E8A      E8A       1A         0
                text25                              3AF      3AF       3A         0
                text24                              FD1      FD1       2F         0
                text23                              E43      E43        E         0
                text22                              E51      E51        E         0
                text21                              13C      13C       C2         0
                text20                              EA4      EA4       1A         0
                text19                              F79      F79       2C         0
                text18                              EBE      EBE       20         0
                text17                              678      678       57         0
                text16                               3C       3C      100         0
                text15                              FA5      FA5       2C         0
                text14                              E71      E71       19         0
                text13                              3E9      3E9       12         0
                text12                              F00      F00       25         0
                text11                              61D      61D       5B         0
                text10                              6CF      6CF       4D         0
                text9                               498      498       94         0
                text8                               7AC      7AC       47         0
                text7                               765      765       47         0
                text6                               F25      F25       29         0
                text5                               F4E      F4E       2B         0
                text4                               EDE      EDE       22         0
                text3                               2BD      2BD       B7         0
                text2                               71C      71C       49         0
                text1                               374      374       3B         0
                maintext                            1FE      1FE       BF         0
                clrtext                             E30      E30        8         0
                idataBANK0                          3FB      3FB        4         0

        CLASS   STRCODE        

        CLASS   STRING         
                strings                             400      400       98         0

        CLASS   CONST          

        CLASS   ENTRY          

        CLASS   COMMON         
                cstackCOMMON                         70       70        5         1
                bssCOMMON                            75       75        4         1

        CLASS   BANK0          
                cstackBANK0                          47       47        E         1
                dataBANK0                            55       55        4         1
                bssBANK0                             20       20       27         1

        CLASS   BANK1          

        CLASS   BANK2          

        CLASS   BANK3          

        CLASS   RAM            

        CLASS   ABS1           
                abs_s1                               7E       7E        2         1

        CLASS   SFR0           

        CLASS   SFR1           

        CLASS   SFR2           

        CLASS   SFR3           

        CLASS   CONFIG         
                config                             2007     2007        1         0

        CLASS   IDLOC          

        CLASS   EEDATA         



SEGMENTS        Name                           Load    Length   Top    Selector   Space  Class     Delta

                reset_vec                      000000  000003  000003         0       0  CODE        2
                intentry                       000004  0003FB  0003FF         8       0  CODE        2
                bssBANK0                       000020  000039  000059        20       1  BANK0       1
                cstackCOMMON                   000070  000009  000079        70       1  COMMON      1
                strings                        000400  000098  000498       800       0  STRING      2
                text9                          000498  000366  0007FE       930       0  CODE        2
                clrtext                        000E30  000008  000E38      1C60       0  CODE        2
                text31                         000E38  00000B  000E43      1C70       0  CODE        2
                text23                         000E43  00000E  000E51      1C86       0  CODE        2
                text22                         000E51  00000E  000E5F      1CA2       0  CODE        2
                text28                         000E5F  000012  000E71      1CBE       0  CODE        2
                text14                         000E71  000019  000E8A      1CE2       0  CODE        2
                text26                         000E8A  00001A  000EA4      1D14       0  CODE        2
                text20                         000EA4  00001A  000EBE      1D48       0  CODE        2
                text18                         000EBE  000020  000EDE      1D7C       0  CODE        2
                text4                          000EDE  000022  000F00      1DBC       0  CODE        2
                text12                         000F00  000025  000F25      1E00       0  CODE        2
                text6                          000F25  000029  000F4E      1E4A       0  CODE        2
                text5                          000F4E  00002B  000F79      1E9C       0  CODE        2
                text19                         000F79  00002C  000FA5      1EF2       0  CODE        2
                text15                         000FA5  00002C  000FD1      1F4A       0  CODE        2
                text24                         000FD1  00002F  001000      1FA2       0  CODE        2
                config                         002007  000001  002008      400E       0  CONFIG      2


UNUSED ADDRESS RANGES

        Name                Unused          Largest block    Delta
        BANK0            0059-006F             17           1
        BANK1            00A0-00EF             50           1
        BANK2            0110-016F             60           1
        BANK3            0190-01EF             60           1
        CODE             0003-0003              1           2
                         03FF-03FF              1
                         07FE-0E2F              2
                         1000-1FFF            800
        COMMON           0079-007D              5           1
        CONST            0003-0003              1           2
                         03FF-03FF              1
                         07FE-0E2F            100
                         1000-1FFF            100
        EEDATA           2100-21FF            100           2
        ENTRY            0003-0003              1           2
                         03FF-03FF              1
                         07FE-0E2F            100
                         1000-1FFF            100
        IDLOC            2000-2003              4           2
        RAM              0059-006F             17           1
                         00A0-00EF             50
                         0110-016F             60
                         0190-01EF             60
        SFR0             0000-001F             20           1
        SFR1             0080-009F             20           1
        SFR2             0100-010F             10           1
        SFR3             0180-018F             10           1
        STACK            0110-016F             60           1
        STRCODE          0003-0003              1           2
                         03FF-03FF              1
                         07FE-0E2F            632
                         1000-1FFF           1000
        STRING           0003-0003              1           2
                         03FF-03FF              1
                         07FE-0E2F            100
                         1000-1FFF            100

                                  Symbol Table

?___awdiv                                     cstackBANK0  0047
?___awmod                                     cstackBANK0  0047
LCD_Cursor@Col                                cstackBANK0  0047
LCD_Cursor@Row                                cstackBANK0  0049
LCD_WriteCmd@Byte                             cstackBANK0  0048
LCD_WriteData@Byte                            cstackBANK0  0048
LCD_WriteString@Str                           cstackBANK0  0049
_ADCON1bits                                   (abs)        009F
_INTCONbits                                   (abs)        000B
_ISR                                          text29       052C
_LCD_Clear                                    text15       0FA5
_LCD_Cursor                                   text14       0E71
_LCD_Init                                     text27       05A8
_LCD_WriteCmd                                 text28       0E5F
_LCD_WriteData                                text13       03E9
_LCD_WriteString                              text12       0F00
_OPTION_REGbits                               (abs)        0081
_PORTB                                        (abs)        0006
_PORTBbits                                    (abs)        0006
_PORTC                                        (abs)        0007
_PORTD                                        (abs)        0008
_PORTE                                        (abs)        0009
_PORTEbits                                    (abs)        0009
_TMR0                                         (abs)        0001
_TRISB                                        (abs)        0086
_TRISC                                        (abs)        0087
_TRISD                                        (abs)        0088
_TRISE                                        (abs)        0089
__CFG_BOREN$OFF                               (abs)        0000
__CFG_CP$OFF                                  (abs)        0000
__CFG_CPD$OFF                                 (abs)        0000
__CFG_FOSC$HS                                 (abs)        0000
__CFG_LVP$OFF                                 (abs)        0000
__CFG_PWRTE$ON                                (abs)        0000
__CFG_WDTE$OFF                                (abs)        0000
__Habs1                                       abs1         0000
__Hbank0                                      bank0        0000
__Hbank1                                      bank1        0000
__Hbank2                                      bank2        0000
__Hbank3                                      bank3        0000
__HbssBANK0                                   bssBANK0     0000
__HbssCOMMON                                  bssCOMMON    0000
__Hcinit                                      cinit        003C
__Hclrtext                                    clrtext      0000
__Hcode                                       code         0000
__Hcommon                                     common       0000
__Hconfig                                     config       2008
__HcstackBANK0                                cstackBANK0  0000
__HcstackCOMMON                               cstackCOMMON 0000
__HdataBANK0                                  dataBANK0    0000
__Heeprom_data                                eeprom_data  0000
__Hend_init                                   end_init     0015
__Hfunctab                                    functab      0000
__HidataBANK0                                 idataBANK0   0000
__Hidloc                                      idloc        0000
__Hinit                                       init         0012
__Hintentry                                   intentry     0012
__Hmaintext                                   maintext     0000
__Hpowerup                                    powerup      0000
__Hram                                        ram          0000
__Hreset_vec                                  reset_vec    0003
__Hsfr0                                       sfr0         0000
__Hsfr1                                       sfr1         0000
__Hsfr2                                       sfr2         0000
__Hsfr3                                       sfr3         0000
__Hspace_0                                    (abs)        2008
__Hspace_1                                    (abs)        0079
__Hspace_2                                    (abs)        0000
__Hspace_3                                    (abs)        0000
__Hstack                                      stack        0000
__Hstrings                                    strings      0000
__Htext                                       text         0000
__Labs1                                       abs1         0000
__Lbank0                                      bank0        0000
__Lbank1                                      bank1        0000
__Lbank2                                      bank2        0000
__Lbank3                                      bank3        0000
__LbssBANK0                                   bssBANK0     0000
__LbssCOMMON                                  bssCOMMON    0000
__Lcinit                                      cinit        0015
__Lclrtext                                    clrtext      0000
__Lcode                                       code         0000
__Lcommon                                     common       0000
__Lconfig                                     config       2007
__LcstackBANK0                                cstackBANK0  0000
__LcstackCOMMON                               cstackCOMMON 0000
__LdataBANK0                                  dataBANK0    0000
__Leeprom_data                                eeprom_data  0000
__Lend_init                                   end_init     0012
__Lfunctab                                    functab      0000
__LidataBANK0                                 idataBANK0   0000
__Lidloc                                      idloc        0000
__Linit                                       init         0012
__Lintentry                                   intentry     0004
__Lmaintext                                   maintext     0000
__Lpowerup                                    powerup      0000
__Lram                                        ram          0000
__Lreset_vec                                  reset_vec    0000
__Lsfr0                                       sfr0         0000
__Lsfr1                                       sfr1         0000
__Lsfr2                                       sfr2         0000
__Lsfr3                                       sfr3         0000
__Lspace_0                                    (abs)        0000
__Lspace_1                                    (abs)        0000
__Lspace_2                                    (abs)        0000
__Lspace_3                                    (abs)        0000
__Lstack                                      stack        0000
__Lstrings                                    strings      0000
__Ltext                                       text         0000
__S0                                          (abs)        2008
__S1                                          (abs)        0079
__S2                                          (abs)        0000
__S3                                          (abs)        0000
___awdiv                                      text11       061D
___awdiv@counter                              cstackBANK0  004C
___awdiv@dividend                             cstackBANK0  0049
___awdiv@divisor                              cstackBANK0  0047
___awdiv@quotient                             cstackBANK0  004E
___awdiv@sign                                 cstackBANK0  004D
___awmod                                      text10       06CF
___awmod@counter                              cstackBANK0  004C
___awmod@dividend                             cstackBANK0  0049
___awmod@divisor                              cstackBANK0  0047
___awmod@sign                                 cstackBANK0  004D
___int_sp                                     stack        0000
___latbits                                    (abs)        0002
___sp                                         stack        0000
__end_of_ISR                                  text29       05A8
__end_of_LCD_Clear                            text15       0FD1
__end_of_LCD_Cursor                           text14       0E8A
__end_of_LCD_Init                             text27       061D
__end_of_LCD_WriteCmd                         text28       0E71
__end_of_LCD_WriteData                        text13       03FB
__end_of_LCD_WriteString                      text12       0F25
__end_of___awdiv                              text11       0678
__end_of___awmod                              text10       071C
__end_of__initialization                      cinit        0038
__end_of__stringtab                           strings      0410
__end_of_adicionaTempoSegurandoPrimeiroBotao  text31       0E43
__end_of_adicionaTempoSegurandoSegundoBotao   text30       07FE
__end_of_aumentarOpcaoMenu                    text26       0EA4
__end_of_aumentarValorDoLadoEscolhido         text25       03E9
__end_of_aumentarValorDoLadoEscolhidoAlarme   text24       1000
__end_of_deveExibirHoras                      text8        07F3
__end_of_deveExibirMinutos                    text7        07AC
__end_of_deveExibirSegundos                   text6        0F4E
__end_of_diminuirOpcaoMenu                    text20       0EBE
__end_of_diminuirValorDoLadoEscolhido         text19       0FA5
__end_of_diminuirValorDoLadoEscolhidoAlarme   text18       0EDE
__end_of_executaAcaoPrimeiroBotao             text21       01FE
__end_of_executaAcaoSegundoBotao              text16       013C
__end_of_exibeHorarioNormalmente              text9        052C
__end_of_exibeHorarioPiscando                 text5        0F79
__end_of_exibeHorarioPiscandoAlarme           text4        0F00
__end_of_exibeTela                            text1        03AF
__end_of_main                                 maintext     02BD
__end_of_mostraMenuOpcoes                     text3        0374
__end_of_opcoesDeExibicaoHorario              text2        0765
__end_of_trocaDeLadoEdicao                    text23       0E51
__end_of_trocaExibicaoHorario                 text17       06CF
__end_of_trocarSubMenuEscolhido               text22       0E5F
__initialization                              cinit        0015
__pbssBANK0                                   bssBANK0     0020
__pbssCOMMON                                  bssCOMMON    0075
__pcstackBANK0                                cstackBANK0  0047
__pcstackCOMMON                               cstackCOMMON 0070
__pdataBANK0                                  dataBANK0    0055
__pidataBANK0                                 idataBANK0   03FB
__pintentry                                   intentry     0004
__pmaintext                                   maintext     01FE
__pstrings                                    strings      0400
__ptext1                                      text1        0374
__ptext10                                     text10       06CF
__ptext11                                     text11       061D
__ptext12                                     text12       0F00
__ptext13                                     text13       03E9
__ptext14                                     text14       0E71
__ptext15                                     text15       0FA5
__ptext16                                     text16       003C
__ptext17                                     text17       0678
__ptext18                                     text18       0EBE
__ptext19                                     text19       0F79
__ptext2                                      text2        071C
__ptext20                                     text20       0EA4
__ptext21                                     text21       013C
__ptext22                                     text22       0E51
__ptext23                                     text23       0E43
__ptext24                                     text24       0FD1
__ptext25                                     text25       03AF
__ptext26                                     text26       0E8A
__ptext27                                     text27       05A8
__ptext28                                     text28       0E5F
__ptext29                                     text29       052C
__ptext3                                      text3        02BD
__ptext30                                     text30       07F3
__ptext31                                     text31       0E38
__ptext4                                      text4        0EDE
__ptext5                                      text5        0F4E
__ptext6                                      text6        0F25
__ptext7                                      text7        0765
__ptext8                                      text8        07AC
__ptext9                                      text9        0498
__size_of_ISR                                 (abs)        0000
__size_of_LCD_Clear                           (abs)        0000
__size_of_LCD_Cursor                          (abs)        0000
__size_of_LCD_Init                            (abs)        0000
__size_of_LCD_WriteCmd                        (abs)        0000
__size_of_LCD_WriteData                       (abs)        0000
__size_of_LCD_WriteString                     (abs)        0000
__size_of___awdiv                             (abs)        0000
__size_of___awmod                             (abs)        0000
__size_of_adicionaTempoSegurandoPrimeiroBotao (abs)        0000
__size_of_adicionaTempoSegurandoSegundoBotao  (abs)        0000
__size_of_aumentarOpcaoMenu                   (abs)        0000
__size_of_aumentarValorDoLadoEscolhido        (abs)        0000
__size_of_aumentarValorDoLadoEscolhidoAlarme  (abs)        0000
__size_of_deveExibirHoras                     (abs)        0000
__size_of_deveExibirMinutos                   (abs)        0000
__size_of_deveExibirSegundos                  (abs)        0000
__size_of_diminuirOpcaoMenu                   (abs)        0000
__size_of_diminuirValorDoLadoEscolhido        (abs)        0000
__size_of_diminuirValorDoLadoEscolhidoAlarme  (abs)        0000
__size_of_executaAcaoPrimeiroBotao            (abs)        0000
__size_of_executaAcaoSegundoBotao             (abs)        0000
__size_of_exibeHorarioNormalmente             (abs)        0000
__size_of_exibeHorarioPiscando                (abs)        0000
__size_of_exibeHorarioPiscandoAlarme          (abs)        0000
__size_of_exibeTela                           (abs)        0000
__size_of_main                                (abs)        0000
__size_of_mostraMenuOpcoes                    (abs)        0000
__size_of_opcoesDeExibicaoHorario             (abs)        0000
__size_of_trocaDeLadoEdicao                   (abs)        0000
__size_of_trocaExibicaoHorario                (abs)        0000
__size_of_trocarSubMenuEscolhido              (abs)        0000
__stringbase                                  strings      040F
__stringtab                                   strings      0400
_adicionaTempoSegurandoPrimeiroBotao          text31       0E38
_adicionaTempoSegurandoSegundoBotao           text30       07F3
_aumentarOpcaoMenu                            text26       0E8A
_aumentarValorDoLadoEscolhido                 text25       03AF
_aumentarValorDoLadoEscolhidoAlarme           text24       0FD1
_deveExibirHoras                              text8        07AC
_deveExibirMinutos                            text7        0765
_deveExibirSegundos                           text6        0F25
_diminuirOpcaoMenu                            text20       0EA4
_diminuirValorDoLadoEscolhido                 text19       0F79
_diminuirValorDoLadoEscolhidoAlarme           text18       0EBE
_escolhaMenu                                  dataBANK0    0055
_escolhaModo                                  bssCOMMON    0075
_escolhaSubMenu                               bssBANK0     0020
_executaAcaoPrimeiroBotao                     text21       013C
_executaAcaoSegundoBotao                      text16       003C
_exibeHorarioNormalmente                      text9        0498
_exibeHorarioPiscando                         text5        0F4E
_exibeHorarioPiscandoAlarme                   text4        0EDE
_exibeTela                                    text1        0374
_flagB0                                       bssBANK0     002C
_flagB1                                       bssBANK0     002A
_flagEditandoUmLado                           bssCOMMON    0077
_flagEstadoPiscando                           bssBANK0     0026
_flagLadoParaEditar                           bssBANK0     0028
_flagLimparTela                               bssBANK0     0024
_flagPm                                       bssBANK0     0022
_horas                                        bssBANK0     0038
_horasAlarme                                  bssBANK0     0032
_limiteHorario                                dataBANK0    0057
_main                                         maintext     01FE
_milissegundos                                bssBANK0     0036
_minutos                                      bssBANK0     003A
_minutosAlarme                                bssBANK0     0034
_mostraMenuOpcoes                             text3        02BD
_opcoesDeExibicaoHorario                      text2        071C
_segundos                                     bssBANK0     003C
_tempoSegurandoPrimeiroBotaoMili              bssBANK0     0030
_tempoSegurandoSegundoBotaoMili               bssBANK0     002E
_textoNaTela                                  bssBANK0     003E
_trocaDeLadoEdicao                            text23       0E43
_trocaExibicaoHorario                         text17       0678
_trocarSubMenuEscolhido                       text22       0E51
btemp                                         (abs)        007E
clear_ram0                                    clrtext      0E30
deveExibirHoras@horasSendoExibidas            cstackBANK0  0051
deveExibirMinutos@minutosSendoExibidos        cstackBANK0  0051
end_of_initialization                         cinit        0038
executaAcaoPrimeiroBotao@tempoSegurando       cstackBANK0  0048
executaAcaoSegundoBotao@tempoSegurando        cstackBANK0  0047
interrupt_function                            intentry     0004
intlevel0                                     functab      0000
intlevel1                                     functab      0000
intlevel2                                     functab      0000
intlevel3                                     functab      0000
intlevel4                                     functab      0000
intlevel5                                     functab      0000
reset_vec                                     reset_vec    0000
saved_w                                       (abs)        007E
stackhi                                       (abs)        0000
stacklo                                       (abs)        0000
start                                         init         0012
start_initialization                          cinit        0015
wtemp0                                        (abs)        007E


FUNCTION INFORMATION:

 *************** function _main *****************
 Defined at:
		line 642 in file "E:\Google Drive\Sistemas Embarcados\Projeto Relógio\Código MPLAB\Projeto_Relogio\Relogio_digital_timer0.c"
 Parameters:    Size  Location     Type
		None
 Auto vars:     Size  Location     Type
		None
 Return value:  Size  Location     Type
                  1    wreg      void 
 Registers used:
		wreg, fsr0l, fsr0h, status,2, status,0, btemp+1, pclath, cstack
 Tracked objects:
		On entry : 
		On exit  : 
		Unchanged: 
 Data sizes:     COMMON   BANK0   BANK1   BANK3   BANK2
      Params:         0       0       0       0       0
      Locals:         0       0       0       0       0
      Temps:          0       1       0       0       0
      Totals:         0       1       0       0       0
Total ram usage:        1 bytes
 Hardware stack levels required when called:    6
 This function calls:
		_LCD_Clear
		_LCD_Cursor
		_LCD_Init
		_executaAcaoPrimeiroBotao
		_executaAcaoSegundoBotao
		_exibeTela
 This function is called by:
		Startup code after reset
 This function uses a non-reentrant model


 *************** function _exibeTela *****************
 Defined at:
		line 616 in file "E:\Google Drive\Sistemas Embarcados\Projeto Relógio\Código MPLAB\Projeto_Relogio\Relogio_digital_timer0.c"
 Parameters:    Size  Location     Type
		None
 Auto vars:     Size  Location     Type
		None
 Return value:  Size  Location     Type
                  1    wreg      void 
 Registers used:
		wreg, fsr0l, fsr0h, status,2, status,0, btemp+1, pclath, cstack
 Tracked objects:
		On entry : 
		On exit  : 
		Unchanged: 
 Data sizes:     COMMON   BANK0   BANK1   BANK3   BANK2
      Params:         0       0       0       0       0
      Locals:         0       0       0       0       0
      Temps:          0       0       0       0       0
      Totals:         0       0       0       0       0
Total ram usage:        0 bytes
 Hardware stack levels used:    1
 Hardware stack levels required when called:    5
 This function calls:
		_LCD_Clear
		_exibeHorarioNormalmente
		_exibeHorarioPiscando
		_exibeHorarioPiscandoAlarme
		_mostraMenuOpcoes
		_opcoesDeExibicaoHorario
 This function is called by:
		_main
 This function uses a non-reentrant model


 *************** function _opcoesDeExibicaoHorario *****************
 Defined at:
		line 546 in file "E:\Google Drive\Sistemas Embarcados\Projeto Relógio\Código MPLAB\Projeto_Relogio\Relogio_digital_timer0.c"
 Parameters:    Size  Location     Type
		None
 Auto vars:     Size  Location     Type
		None
 Return value:  Size  Location     Type
                  1    wreg      void 
 Registers used:
		wreg, fsr0l, fsr0h, status,2, status,0, btemp+1, pclath, cstack
 Tracked objects:
		On entry : 
		On exit  : 
		Unchanged: 
 Data sizes:     COMMON   BANK0   BANK1   BANK3   BANK2
      Params:         0       0       0       0       0
      Locals:         0       0       0       0       0
      Temps:          0       0       0       0       0
      Totals:         0       0       0       0       0
Total ram usage:        0 bytes
 Hardware stack levels used:    1
 Hardware stack levels required when called:    4
 This function calls:
		_LCD_Cursor
		_LCD_WriteString
 This function is called by:
		_exibeTela
 This function uses a non-reentrant model


 *************** function _mostraMenuOpcoes *****************
 Defined at:
		line 566 in file "E:\Google Drive\Sistemas Embarcados\Projeto Relógio\Código MPLAB\Projeto_Relogio\Relogio_digital_timer0.c"
 Parameters:    Size  Location     Type
		None
 Auto vars:     Size  Location     Type
		None
 Return value:  Size  Location     Type
                  1    wreg      void 
 Registers used:
		wreg, fsr0l, fsr0h, status,2, status,0, btemp+1, pclath, cstack
 Tracked objects:
		On entry : 
		On exit  : 
		Unchanged: 
 Data sizes:     COMMON   BANK0   BANK1   BANK3   BANK2
      Params:         0       0       0       0       0
      Locals:         0       0       0       0       0
      Temps:          0       0       0       0       0
      Totals:         0       0       0       0       0
Total ram usage:        0 bytes
 Hardware stack levels used:    1
 Hardware stack levels required when called:    4
 This function calls:
		_LCD_Cursor
		_LCD_WriteString
 This function is called by:
		_exibeTela
 This function uses a non-reentrant model


 *************** function _exibeHorarioPiscandoAlarme *****************
 Defined at:
		line 535 in file "E:\Google Drive\Sistemas Embarcados\Projeto Relógio\Código MPLAB\Projeto_Relogio\Relogio_digital_timer0.c"
 Parameters:    Size  Location     Type
		None
 Auto vars:     Size  Location     Type
		None
 Return value:  Size  Location     Type
                  1    wreg      void 
 Registers used:
		wreg, fsr0l, fsr0h, status,2, status,0, btemp+1, pclath, cstack
 Tracked objects:
		On entry : 
		On exit  : 
		Unchanged: 
 Data sizes:     COMMON   BANK0   BANK1   BANK3   BANK2
      Params:         0       0       0       0       0
      Locals:         0       0       0       0       0
      Temps:          0       1       0       0       0
      Totals:         0       1       0       0       0
Total ram usage:        1 bytes
 Hardware stack levels used:    1
 Hardware stack levels required when called:    4
 This function calls:
		_LCD_Cursor
		_LCD_WriteString
		_deveExibirHoras
		_deveExibirMinutos
 This function is called by:
		_exibeTela
 This function uses a non-reentrant model


 *************** function _exibeHorarioPiscando *****************
 Defined at:
		line 522 in file "E:\Google Drive\Sistemas Embarcados\Projeto Relógio\Código MPLAB\Projeto_Relogio\Relogio_digital_timer0.c"
 Parameters:    Size  Location     Type
		None
 Auto vars:     Size  Location     Type
		None
 Return value:  Size  Location     Type
                  1    wreg      void 
 Registers used:
		wreg, fsr0l, fsr0h, status,2, status,0, btemp+1, pclath, cstack
 Tracked objects:
		On entry : 
		On exit  : 
		Unchanged: 
 Data sizes:     COMMON   BANK0   BANK1   BANK3   BANK2
      Params:         0       0       0       0       0
      Locals:         0       0       0       0       0
      Temps:          0       1       0       0       0
      Totals:         0       1       0       0       0
Total ram usage:        1 bytes
 Hardware stack levels used:    1
 Hardware stack levels required when called:    4
 This function calls:
		_LCD_Cursor
		_LCD_WriteString
		_deveExibirHoras
		_deveExibirMinutos
		_deveExibirSegundos
 This function is called by:
		_exibeTela
 This function uses a non-reentrant model


 *************** function _deveExibirSegundos *****************
 Defined at:
		line 516 in file "E:\Google Drive\Sistemas Embarcados\Projeto Relógio\Código MPLAB\Projeto_Relogio\Relogio_digital_timer0.c"
 Parameters:    Size  Location     Type
		None
 Auto vars:     Size  Location     Type
		None
 Return value:  Size  Location     Type
                  1    wreg      void 
 Registers used:
		wreg, status,2, status,0, pclath, cstack
 Tracked objects:
		On entry : 
		On exit  : 
		Unchanged: 
 Data sizes:     COMMON   BANK0   BANK1   BANK3   BANK2
      Params:         0       0       0       0       0
      Locals:         0       0       0       0       0
      Temps:          0       1       0       0       0
      Totals:         0       1       0       0       0
Total ram usage:        1 bytes
 Hardware stack levels used:    1
 Hardware stack levels required when called:    3
 This function calls:
		___awdiv
		___awmod
 This function is called by:
		_exibeHorarioPiscando
 This function uses a non-reentrant model


 *************** function _deveExibirMinutos *****************
 Defined at:
		line 495 in file "E:\Google Drive\Sistemas Embarcados\Projeto Relógio\Código MPLAB\Projeto_Relogio\Relogio_digital_timer0.c"
 Parameters:    Size  Location     Type
		None
 Auto vars:     Size  Location     Type
  minutosSendo    2   10[BANK0 ] int 
 Return value:  Size  Location     Type
                  1    wreg      void 
 Registers used:
		wreg, status,2, status,0, pclath, cstack
 Tracked objects:
		On entry : 
		On exit  : 
		Unchanged: 
 Data sizes:     COMMON   BANK0   BANK1   BANK3   BANK2
      Params:         0       0       0       0       0
      Locals:         0       2       0       0       0
      Temps:          0       1       0       0       0
      Totals:         0       3       0       0       0
Total ram usage:        3 bytes
 Hardware stack levels used:    1
 Hardware stack levels required when called:    3
 This function calls:
		___awdiv
		___awmod
 This function is called by:
		_exibeHorarioPiscando
		_exibeHorarioPiscandoAlarme
 This function uses a non-reentrant model


 *************** function _deveExibirHoras *****************
 Defined at:
		line 474 in file "E:\Google Drive\Sistemas Embarcados\Projeto Relógio\Código MPLAB\Projeto_Relogio\Relogio_digital_timer0.c"
 Parameters:    Size  Location     Type
		None
 Auto vars:     Size  Location     Type
  horasSendoEx    2   10[BANK0 ] int 
 Return value:  Size  Location     Type
                  1    wreg      void 
 Registers used:
		wreg, status,2, status,0, pclath, cstack
 Tracked objects:
		On entry : 
		On exit  : 
		Unchanged: 
 Data sizes:     COMMON   BANK0   BANK1   BANK3   BANK2
      Params:         0       0       0       0       0
      Locals:         0       2       0       0       0
      Temps:          0       1       0       0       0
      Totals:         0       3       0       0       0
Total ram usage:        3 bytes
 Hardware stack levels used:    1
 Hardware stack levels required when called:    3
 This function calls:
		___awdiv
		___awmod
 This function is called by:
		_exibeHorarioPiscando
		_exibeHorarioPiscandoAlarme
 This function uses a non-reentrant model


 *************** function _exibeHorarioNormalmente *****************
 Defined at:
		line 600 in file "E:\Google Drive\Sistemas Embarcados\Projeto Relógio\Código MPLAB\Projeto_Relogio\Relogio_digital_timer0.c"
 Parameters:    Size  Location     Type
		None
 Auto vars:     Size  Location     Type
		None
 Return value:  Size  Location     Type
                  1    wreg      void 
 Registers used:
		wreg, fsr0l, fsr0h, status,2, status,0, btemp+1, pclath, cstack
 Tracked objects:
		On entry : 
		On exit  : 
		Unchanged: 
 Data sizes:     COMMON   BANK0   BANK1   BANK3   BANK2
      Params:         0       0       0       0       0
      Locals:         0       0       0       0       0
      Temps:          0       1       0       0       0
      Totals:         0       1       0       0       0
Total ram usage:        1 bytes
 Hardware stack levels used:    1
 Hardware stack levels required when called:    4
 This function calls:
		_LCD_Cursor
		_LCD_WriteString
		___awdiv
		___awmod
 This function is called by:
		_exibeTela
 This function uses a non-reentrant model


 *************** function ___awmod *****************
 Defined at:
		line 6 in file "C:\Program Files (x86)\Microchip\xc8\v1.44\sources\common\awmod.c"
 Parameters:    Size  Location     Type
  divisor         2    0[BANK0 ] int 
  dividend        2    2[BANK0 ] int 
 Auto vars:     Size  Location     Type
  sign            1    6[BANK0 ] unsigned char 
  counter         1    5[BANK0 ] unsigned char 
 Return value:  Size  Location     Type
                  2    0[BANK0 ] int 
 Registers used:
		wreg, status,2, status,0
 Tracked objects:
		On entry : 
		On exit  : 
		Unchanged: 
 Data sizes:     COMMON   BANK0   BANK1   BANK3   BANK2
      Params:         0       4       0       0       0
      Locals:         0       2       0       0       0
      Temps:          0       1       0       0       0
      Totals:         0       7       0       0       0
Total ram usage:        7 bytes
 Hardware stack levels used:    1
 Hardware stack levels required when called:    2
 This function calls:
		Nothing
 This function is called by:
		_deveExibirHoras
		_deveExibirMinutos
		_deveExibirSegundos
		_exibeHorarioNormalmente
 This function uses a non-reentrant model


 *************** function ___awdiv *****************
 Defined at:
		line 6 in file "C:\Program Files (x86)\Microchip\xc8\v1.44\sources\common\awdiv.c"
 Parameters:    Size  Location     Type
  divisor         2    0[BANK0 ] int 
  dividend        2    2[BANK0 ] int 
 Auto vars:     Size  Location     Type
  quotient        2    7[BANK0 ] int 
  sign            1    6[BANK0 ] unsigned char 
  counter         1    5[BANK0 ] unsigned char 
 Return value:  Size  Location     Type
                  2    0[BANK0 ] int 
 Registers used:
		wreg, status,2, status,0
 Tracked objects:
		On entry : 
		On exit  : 
		Unchanged: 
 Data sizes:     COMMON   BANK0   BANK1   BANK3   BANK2
      Params:         0       4       0       0       0
      Locals:         0       4       0       0       0
      Temps:          0       1       0       0       0
      Totals:         0       9       0       0       0
Total ram usage:        9 bytes
 Hardware stack levels used:    1
 Hardware stack levels required when called:    2
 This function calls:
		Nothing
 This function is called by:
		_deveExibirHoras
		_deveExibirMinutos
		_deveExibirSegundos
		_exibeHorarioNormalmente
 This function uses a non-reentrant model


 *************** function _LCD_WriteString *****************
 Defined at:
		line 93 in file "E:\Google Drive\Sistemas Embarcados\Projeto Relógio\Código MPLAB\Projeto_Relogio\Relogio_digital_timer0.c"
 Parameters:    Size  Location     Type
  Str             2    2[BANK0 ] PTR const unsigned char 
		 -> STR_11(17), STR_10(17), STR_9(17), STR_8(17), 
		 -> STR_7(17), STR_6(17), STR_5(17), STR_4(17), 
		 -> STR_3(17), STR_2(17), STR_1(17), textoNaTela(9), 
 Auto vars:     Size  Location     Type
		None
 Return value:  Size  Location     Type
                  1    wreg      void 
 Registers used:
		wreg, fsr0l, fsr0h, status,2, status,0, btemp+1, pclath, cstack
 Tracked objects:
		On entry : 
		On exit  : 
		Unchanged: 
 Data sizes:     COMMON   BANK0   BANK1   BANK3   BANK2
      Params:         0       2       0       0       0
      Locals:         0       0       0       0       0
      Temps:          0       0       0       0       0
      Totals:         0       2       0       0       0
Total ram usage:        2 bytes
 Hardware stack levels used:    1
 Hardware stack levels required when called:    3
 This function calls:
		_LCD_WriteData
 This function is called by:
		_exibeHorarioPiscando
		_exibeHorarioPiscandoAlarme
		_opcoesDeExibicaoHorario
		_mostraMenuOpcoes
		_exibeHorarioNormalmente
 This function uses a non-reentrant model


 *************** function _LCD_WriteData *****************
 Defined at:
		line 79 in file "E:\Google Drive\Sistemas Embarcados\Projeto Relógio\Código MPLAB\Projeto_Relogio\Relogio_digital_timer0.c"
 Parameters:    Size  Location     Type
  Byte            1    wreg     unsigned char 
 Auto vars:     Size  Location     Type
  Byte            1    1[BANK0 ] unsigned char 
 Return value:  Size  Location     Type
                  1    wreg      void 
 Registers used:
		wreg
 Tracked objects:
		On entry : 
		On exit  : 
		Unchanged: 
 Data sizes:     COMMON   BANK0   BANK1   BANK3   BANK2
      Params:         0       0       0       0       0
      Locals:         0       1       0       0       0
      Temps:          0       1       0       0       0
      Totals:         0       2       0       0       0
Total ram usage:        2 bytes
 Hardware stack levels used:    1
 Hardware stack levels required when called:    2
 This function calls:
		Nothing
 This function is called by:
		_LCD_WriteString
 This function uses a non-reentrant model


 *************** function _LCD_Cursor *****************
 Defined at:
		line 42 in file "E:\Google Drive\Sistemas Embarcados\Projeto Relógio\Código MPLAB\Projeto_Relogio\Relogio_digital_timer0.c"
 Parameters:    Size  Location     Type
  Row             1    wreg     unsigned char 
  Col             1    0[BANK0 ] unsigned char 
 Auto vars:     Size  Location     Type
  Row             1    2[BANK0 ] unsigned char 
 Return value:  Size  Location     Type
                  1    wreg      void 
 Registers used:
		wreg, status,2, status,0
 Tracked objects:
		On entry : 
		On exit  : 
		Unchanged: 
 Data sizes:     COMMON   BANK0   BANK1   BANK3   BANK2
      Params:         0       1       0       0       0
      Locals:         0       1       0       0       0
      Temps:          0       1       0       0       0
      Totals:         0       3       0       0       0
Total ram usage:        3 bytes
 Hardware stack levels used:    1
 Hardware stack levels required when called:    2
 This function calls:
		Nothing
 This function is called by:
		_exibeHorarioPiscando
		_exibeHorarioPiscandoAlarme
		_opcoesDeExibicaoHorario
		_mostraMenuOpcoes
		_exibeHorarioNormalmente
		_main
 This function uses a non-reentrant model


 *************** function _LCD_Clear *****************
 Defined at:
		line 103 in file "E:\Google Drive\Sistemas Embarcados\Projeto Relógio\Código MPLAB\Projeto_Relogio\Relogio_digital_timer0.c"
 Parameters:    Size  Location     Type
		None
 Auto vars:     Size  Location     Type
		None
 Return value:  Size  Location     Type
                  1    wreg      void 
 Registers used:
		wreg, status,2, status,0, pclath, cstack
 Tracked objects:
		On entry : 
		On exit  : 
		Unchanged: 
 Data sizes:     COMMON   BANK0   BANK1   BANK3   BANK2
      Params:         0       0       0       0       0
      Locals:         0       0       0       0       0
      Temps:          0       2       0       0       0
      Totals:         0       2       0       0       0
Total ram usage:        2 bytes
 Hardware stack levels used:    1
 Hardware stack levels required when called:    3
 This function calls:
		_LCD_WriteCmd
 This function is called by:
		_exibeTela
		_main
 This function uses a non-reentrant model


 *************** function _executaAcaoSegundoBotao *****************
 Defined at:
		line 418 in file "E:\Google Drive\Sistemas Embarcados\Projeto Relógio\Código MPLAB\Projeto_Relogio\Relogio_digital_timer0.c"
 Parameters:    Size  Location     Type
		None
 Auto vars:     Size  Location     Type
  tempoSeguran    2    0[BANK0 ] int 
 Return value:  Size  Location     Type
                  1    wreg      void 
 Registers used:
		wreg, status,2, status,0, btemp+1, pclath, cstack
 Tracked objects:
		On entry : 
		On exit  : 
		Unchanged: 
 Data sizes:     COMMON   BANK0   BANK1   BANK3   BANK2
      Params:         0       0       0       0       0
      Locals:         0       2       0       0       0
      Temps:          0       0       0       0       0
      Totals:         0       2       0       0       0
Total ram usage:        2 bytes
 Hardware stack levels used:    1
 Hardware stack levels required when called:    3
 This function calls:
		_diminuirOpcaoMenu
		_diminuirValorDoLadoEscolhido
		_diminuirValorDoLadoEscolhidoAlarme
		_trocaDeLadoEdicao
		_trocaExibicaoHorario
		_trocarSubMenuEscolhido
 This function is called by:
		_main
 This function uses a non-reentrant model


 *************** function _trocaExibicaoHorario *****************
 Defined at:
		line 345 in file "E:\Google Drive\Sistemas Embarcados\Projeto Relógio\Código MPLAB\Projeto_Relogio\Relogio_digital_timer0.c"
 Parameters:    Size  Location     Type
		None
 Auto vars:     Size  Location     Type
		None
 Return value:  Size  Location     Type
                  1    wreg      void 
 Registers used:
		wreg, status,2, status,0, btemp+1
 Tracked objects:
		On entry : 
		On exit  : 
		Unchanged: 
 Data sizes:     COMMON   BANK0   BANK1   BANK3   BANK2
      Params:         0       0       0       0       0
      Locals:         0       0       0       0       0
      Temps:          0       0       0       0       0
      Totals:         0       0       0       0       0
Total ram usage:        0 bytes
 Hardware stack levels used:    1
 Hardware stack levels required when called:    2
 This function calls:
		Nothing
 This function is called by:
		_executaAcaoSegundoBotao
 This function uses a non-reentrant model


 *************** function _diminuirValorDoLadoEscolhidoAlarme *****************
 Defined at:
		line 285 in file "E:\Google Drive\Sistemas Embarcados\Projeto Relógio\Código MPLAB\Projeto_Relogio\Relogio_digital_timer0.c"
 Parameters:    Size  Location     Type
		None
 Auto vars:     Size  Location     Type
		None
 Return value:  Size  Location     Type
                  1    wreg      void 
 Registers used:
		wreg, status,2, status,0
 Tracked objects:
		On entry : 
		On exit  : 
		Unchanged: 
 Data sizes:     COMMON   BANK0   BANK1   BANK3   BANK2
      Params:         0       0       0       0       0
      Locals:         0       0       0       0       0
      Temps:          0       0       0       0       0
      Totals:         0       0       0       0       0
Total ram usage:        0 bytes
 Hardware stack levels used:    1
 Hardware stack levels required when called:    2
 This function calls:
		Nothing
 This function is called by:
		_executaAcaoSegundoBotao
 This function uses a non-reentrant model


 *************** function _diminuirValorDoLadoEscolhido *****************
 Defined at:
		line 235 in file "E:\Google Drive\Sistemas Embarcados\Projeto Relógio\Código MPLAB\Projeto_Relogio\Relogio_digital_timer0.c"
 Parameters:    Size  Location     Type
		None
 Auto vars:     Size  Location     Type
		None
 Return value:  Size  Location     Type
                  1    wreg      void 
 Registers used:
		wreg, status,2, status,0
 Tracked objects:
		On entry : 
		On exit  : 
		Unchanged: 
 Data sizes:     COMMON   BANK0   BANK1   BANK3   BANK2
      Params:         0       0       0       0       0
      Locals:         0       0       0       0       0
      Temps:          0       0       0       0       0
      Totals:         0       0       0       0       0
Total ram usage:        0 bytes
 Hardware stack levels used:    1
 Hardware stack levels required when called:    2
 This function calls:
		Nothing
 This function is called by:
		_executaAcaoSegundoBotao
 This function uses a non-reentrant model


 *************** function _diminuirOpcaoMenu *****************
 Defined at:
		line 325 in file "E:\Google Drive\Sistemas Embarcados\Projeto Relógio\Código MPLAB\Projeto_Relogio\Relogio_digital_timer0.c"
 Parameters:    Size  Location     Type
		None
 Auto vars:     Size  Location     Type
		None
 Return value:  Size  Location     Type
                  1    wreg      void 
 Registers used:
		wreg, btemp+1
 Tracked objects:
		On entry : 
		On exit  : 
		Unchanged: 
 Data sizes:     COMMON   BANK0   BANK1   BANK3   BANK2
      Params:         0       0       0       0       0
      Locals:         0       0       0       0       0
      Temps:          0       0       0       0       0
      Totals:         0       0       0       0       0
Total ram usage:        0 bytes
 Hardware stack levels used:    1
 Hardware stack levels required when called:    2
 This function calls:
		Nothing
 This function is called by:
		_executaAcaoSegundoBotao
 This function uses a non-reentrant model


 *************** function _executaAcaoPrimeiroBotao *****************
 Defined at:
		line 371 in file "E:\Google Drive\Sistemas Embarcados\Projeto Relógio\Código MPLAB\Projeto_Relogio\Relogio_digital_timer0.c"
 Parameters:    Size  Location     Type
		None
 Auto vars:     Size  Location     Type
  tempoSeguran    2    1[BANK0 ] int 
 Return value:  Size  Location     Type
                  1    wreg      void 
 Registers used:
		wreg, status,2, status,0, btemp+1, pclath, cstack
 Tracked objects:
		On entry : 
		On exit  : 
		Unchanged: 
 Data sizes:     COMMON   BANK0   BANK1   BANK3   BANK2
      Params:         0       0       0       0       0
      Locals:         0       2       0       0       0
      Temps:          0       0       0       0       0
      Totals:         0       2       0       0       0
Total ram usage:        2 bytes
 Hardware stack levels used:    1
 Hardware stack levels required when called:    3
 This function calls:
		_aumentarOpcaoMenu
		_aumentarValorDoLadoEscolhido
		_aumentarValorDoLadoEscolhidoAlarme
		_trocaDeLadoEdicao
		_trocarSubMenuEscolhido
 This function is called by:
		_main
 This function uses a non-reentrant model


 *************** function _trocarSubMenuEscolhido *****************
 Defined at:
		line 334 in file "E:\Google Drive\Sistemas Embarcados\Projeto Relógio\Código MPLAB\Projeto_Relogio\Relogio_digital_timer0.c"
 Parameters:    Size  Location     Type
		None
 Auto vars:     Size  Location     Type
		None
 Return value:  Size  Location     Type
                  1    wreg      void 
 Registers used:
		wreg, status,2, status,0
 Tracked objects:
		On entry : 
		On exit  : 
		Unchanged: 
 Data sizes:     COMMON   BANK0   BANK1   BANK3   BANK2
      Params:         0       0       0       0       0
      Locals:         0       0       0       0       0
      Temps:          0       0       0       0       0
      Totals:         0       0       0       0       0
Total ram usage:        0 bytes
 Hardware stack levels used:    1
 Hardware stack levels required when called:    2
 This function calls:
		Nothing
 This function is called by:
		_executaAcaoPrimeiroBotao
		_executaAcaoSegundoBotao
 This function uses a non-reentrant model


 *************** function _trocaDeLadoEdicao *****************
 Defined at:
		line 306 in file "E:\Google Drive\Sistemas Embarcados\Projeto Relógio\Código MPLAB\Projeto_Relogio\Relogio_digital_timer0.c"
 Parameters:    Size  Location     Type
		None
 Auto vars:     Size  Location     Type
		None
 Return value:  Size  Location     Type
                  1    wreg      void 
 Registers used:
		wreg, status,2, status,0
 Tracked objects:
		On entry : 
		On exit  : 
		Unchanged: 
 Data sizes:     COMMON   BANK0   BANK1   BANK3   BANK2
      Params:         0       0       0       0       0
      Locals:         0       0       0       0       0
      Temps:          0       0       0       0       0
      Totals:         0       0       0       0       0
Total ram usage:        0 bytes
 Hardware stack levels used:    1
 Hardware stack levels required when called:    2
 This function calls:
		Nothing
 This function is called by:
		_executaAcaoPrimeiroBotao
		_executaAcaoSegundoBotao
 This function uses a non-reentrant model


 *************** function _aumentarValorDoLadoEscolhidoAlarme *****************
 Defined at:
		line 262 in file "E:\Google Drive\Sistemas Embarcados\Projeto Relógio\Código MPLAB\Projeto_Relogio\Relogio_digital_timer0.c"
 Parameters:    Size  Location     Type
		None
 Auto vars:     Size  Location     Type
		None
 Return value:  Size  Location     Type
                  1    wreg      void 
 Registers used:
		wreg, status,2, status,0
 Tracked objects:
		On entry : 
		On exit  : 
		Unchanged: 
 Data sizes:     COMMON   BANK0   BANK1   BANK3   BANK2
      Params:         0       0       0       0       0
      Locals:         0       0       0       0       0
      Temps:          0       1       0       0       0
      Totals:         0       1       0       0       0
Total ram usage:        1 bytes
 Hardware stack levels used:    1
 Hardware stack levels required when called:    2
 This function calls:
		Nothing
 This function is called by:
		_executaAcaoPrimeiroBotao
 This function uses a non-reentrant model


 *************** function _aumentarValorDoLadoEscolhido *****************
 Defined at:
		line 206 in file "E:\Google Drive\Sistemas Embarcados\Projeto Relógio\Código MPLAB\Projeto_Relogio\Relogio_digital_timer0.c"
 Parameters:    Size  Location     Type
		None
 Auto vars:     Size  Location     Type
		None
 Return value:  Size  Location     Type
                  1    wreg      void 
 Registers used:
		wreg, status,2, status,0
 Tracked objects:
		On entry : 
		On exit  : 
		Unchanged: 
 Data sizes:     COMMON   BANK0   BANK1   BANK3   BANK2
      Params:         0       0       0       0       0
      Locals:         0       0       0       0       0
      Temps:          0       1       0       0       0
      Totals:         0       1       0       0       0
Total ram usage:        1 bytes
 Hardware stack levels used:    1
 Hardware stack levels required when called:    2
 This function calls:
		Nothing
 This function is called by:
		_executaAcaoPrimeiroBotao
 This function uses a non-reentrant model


 *************** function _aumentarOpcaoMenu *****************
 Defined at:
		line 316 in file "E:\Google Drive\Sistemas Embarcados\Projeto Relógio\Código MPLAB\Projeto_Relogio\Relogio_digital_timer0.c"
 Parameters:    Size  Location     Type
		None
 Auto vars:     Size  Location     Type
		None
 Return value:  Size  Location     Type
                  1    wreg      void 
 Registers used:
		wreg, btemp+1
 Tracked objects:
		On entry : 
		On exit  : 
		Unchanged: 
 Data sizes:     COMMON   BANK0   BANK1   BANK3   BANK2
      Params:         0       0       0       0       0
      Locals:         0       0       0       0       0
      Temps:          0       0       0       0       0
      Totals:         0       0       0       0       0
Total ram usage:        0 bytes
 Hardware stack levels used:    1
 Hardware stack levels required when called:    2
 This function calls:
		Nothing
 This function is called by:
		_executaAcaoPrimeiroBotao
 This function uses a non-reentrant model


 *************** function _LCD_Init *****************
 Defined at:
		line 119 in file "E:\Google Drive\Sistemas Embarcados\Projeto Relógio\Código MPLAB\Projeto_Relogio\Relogio_digital_timer0.c"
 Parameters:    Size  Location     Type
		None
 Auto vars:     Size  Location     Type
		None
 Return value:  Size  Location     Type
                  1    wreg      void 
 Registers used:
		wreg, status,2, status,0, pclath, cstack
 Tracked objects:
		On entry : 
		On exit  : 
		Unchanged: 
 Data sizes:     COMMON   BANK0   BANK1   BANK3   BANK2
      Params:         0       0       0       0       0
      Locals:         0       0       0       0       0
      Temps:          0       2       0       0       0
      Totals:         0       2       0       0       0
Total ram usage:        2 bytes
 Hardware stack levels used:    1
 Hardware stack levels required when called:    3
 This function calls:
		_LCD_WriteCmd
 This function is called by:
		_main
 This function uses a non-reentrant model


 *************** function _LCD_WriteCmd *****************
 Defined at:
		line 64 in file "E:\Google Drive\Sistemas Embarcados\Projeto Relógio\Código MPLAB\Projeto_Relogio\Relogio_digital_timer0.c"
 Parameters:    Size  Location     Type
  Byte            1    wreg     unsigned char 
 Auto vars:     Size  Location     Type
  Byte            1    1[BANK0 ] unsigned char 
 Return value:  Size  Location     Type
                  1    wreg      void 
 Registers used:
		wreg
 Tracked objects:
		On entry : 
		On exit  : 
		Unchanged: 
 Data sizes:     COMMON   BANK0   BANK1   BANK3   BANK2
      Params:         0       0       0       0       0
      Locals:         0       1       0       0       0
      Temps:          0       1       0       0       0
      Totals:         0       2       0       0       0
Total ram usage:        2 bytes
 Hardware stack levels used:    1
 Hardware stack levels required when called:    2
 This function calls:
		Nothing
 This function is called by:
		_LCD_Clear
		_LCD_Init
 This function uses a non-reentrant model


 *************** function _ISR *****************
 Defined at:
		line 163 in file "E:\Google Drive\Sistemas Embarcados\Projeto Relógio\Código MPLAB\Projeto_Relogio\Relogio_digital_timer0.c"
 Parameters:    Size  Location     Type
		None
 Auto vars:     Size  Location     Type
		None
 Return value:  Size  Location     Type
                  1    wreg      void 
 Registers used:
		wreg, status,2, status,0, btemp+1, pclath, cstack
 Tracked objects:
		On entry : 
		On exit  : 
		Unchanged: 
 Data sizes:     COMMON   BANK0   BANK1   BANK3   BANK2
      Params:         0       0       0       0       0
      Locals:         0       0       0       0       0
      Temps:          5       0       0       0       0
      Totals:         5       0       0       0       0
Total ram usage:        5 bytes
 Hardware stack levels used:    1
 Hardware stack levels required when called:    1
 This function calls:
		_adicionaTempoSegurandoPrimeiroBotao
		_adicionaTempoSegurandoSegundoBotao
 This function is called by:
		Interrupt level 1
 This function uses a non-reentrant model


 *************** function _adicionaTempoSegurandoSegundoBotao *****************
 Defined at:
		line 157 in file "E:\Google Drive\Sistemas Embarcados\Projeto Relógio\Código MPLAB\Projeto_Relogio\Relogio_digital_timer0.c"
 Parameters:    Size  Location     Type
		None
 Auto vars:     Size  Location     Type
		None
 Return value:  Size  Location     Type
                  1    wreg      void 
 Registers used:
		wreg
 Tracked objects:
		On entry : 
		On exit  : 
		Unchanged: 
 Data sizes:     COMMON   BANK0   BANK1   BANK3   BANK2
      Params:         0       0       0       0       0
      Locals:         0       0       0       0       0
      Temps:          0       0       0       0       0
      Totals:         0       0       0       0       0
Total ram usage:        0 bytes
 Hardware stack levels used:    1
 This function calls:
		Nothing
 This function is called by:
		_ISR
 This function uses a non-reentrant model


 *************** function _adicionaTempoSegurandoPrimeiroBotao *****************
 Defined at:
		line 151 in file "E:\Google Drive\Sistemas Embarcados\Projeto Relógio\Código MPLAB\Projeto_Relogio\Relogio_digital_timer0.c"
 Parameters:    Size  Location     Type
		None
 Auto vars:     Size  Location     Type
		None
 Return value:  Size  Location     Type
                  1    wreg      void 
 Registers used:
		wreg
 Tracked objects:
		On entry : 
		On exit  : 
		Unchanged: 
 Data sizes:     COMMON   BANK0   BANK1   BANK3   BANK2
      Params:         0       0       0       0       0
      Locals:         0       0       0       0       0
      Temps:          0       0       0       0       0
      Totals:         0       0       0       0       0
Total ram usage:        0 bytes
 Hardware stack levels used:    1
 This function calls:
		Nothing
 This function is called by:
		_ISR
 This function uses a non-reentrant model



MODULE INFORMATION

Module		Function		Class		Link	Load	Size
C:\Program Files (x86)\Microchip\xc8\v1.44\sources\common\awmod.c
		___awmod       		CODE           	06CF	0000	78

C:\Program Files (x86)\Microchip\xc8\v1.44\sources\common\awmod.c estimated size: 78

shared
		__stringtab    		STRING         	0400	0000	17
		__initialization		CODE           	0015	0000	36

shared estimated size: 53

C:\Program Files (x86)\Microchip\xc8\v1.44\sources\common\awdiv.c
		___awdiv       		CODE           	061D	0000	92

C:\Program Files (x86)\Microchip\xc8\v1.44\sources\common\awdiv.c estimated size: 92

E:\Google Drive\Sistemas Embarcados\Projeto Relógio\Código MPLAB\Projeto_Relogio\Relogio_digital_timer0.c
		_deveExibirHoras		CODE           	07AC	0000	72
		_diminuirValorDoLadoEscolhidoAlarme		CODE           	0EBE	0000	33
		_executaAcaoSegundoBotao		CODE           	003C	0000	257
		_LCD_Init      		CODE           	05A8	0000	118
		_aumentarValorDoLadoEscolhidoAlarme		CODE           	0FD1	0000	48
		_ISR           		CODE           	052C	0000	125
		_executaAcaoPrimeiroBotao		CODE           	013C	0000	195
		_adicionaTempoSegurandoPrimeiroBotao		CODE           	0E38	0000	12
		_deveExibirSegundos		CODE           	0F25	0000	42
		_main          		CODE           	01FE	0000	192
		_exibeHorarioNormalmente		CODE           	0498	0000	149
		_LCD_WriteString		CODE           	0F00	0000	38
		_exibeTela     		CODE           	0374	0000	60
		_trocarSubMenuEscolhido		CODE           	0E51	0000	15
		_exibeHorarioPiscando		CODE           	0F4E	0000	44
		_LCD_Clear     		CODE           	0FA5	0000	45
		_exibeHorarioPiscandoAlarme		CODE           	0EDE	0000	35
		_diminuirValorDoLadoEscolhido		CODE           	0F79	0000	45
		_LCD_Cursor    		CODE           	0E71	0000	26
		_mostraMenuOpcoes		CODE           	02BD	0000	184
		_aumentarValorDoLadoEscolhido		CODE           	03AF	0000	59
		_adicionaTempoSegurandoSegundoBotao		CODE           	07F3	0000	12
		_trocaExibicaoHorario		CODE           	0678	0000	88
		_opcoesDeExibicaoHorario		CODE           	071C	0000	74
		_trocaDeLadoEdicao		CODE           	0E43	0000	15
		_diminuirOpcaoMenu		CODE           	0EA4	0000	27
		_deveExibirMinutos		CODE           	0765	0000	72
		_LCD_WriteCmd  		CODE           	0E5F	0000	19
		_aumentarOpcaoMenu		CODE           	0E8A	0000	27
		_LCD_WriteData 		CODE           	03E9	0000	19

E:\Google Drive\Sistemas Embarcados\Projeto Relógio\Código MPLAB\Projeto_Relogio\Relogio_digital_timer0.c estimated size: 2147

